[{ "rule" : "up",  "time" : 1.322217e+00,  "distance" : 2 },
{ "rule" : "up",  "time" : 1.321917e+00,  "distance" : 3 },
{ "rule" : "up",  "time" : 1.318148e+00,  "distance" : 2 },
{ "rule" : "up",  "time" : 1.304074e+00,  "distance" : 3 },
{ "rule" : "up",  "time" : 1.296759e+00,  "distance" : 2 },
{ "rule" : "up",  "time" : 1.279036e+00,  "distance" : 2 },
{ "rule" : "up",  "time" : 1.269867e+00,  "distance" : 3 },
{ "rule" : "up",  "time" : 1.268118e+00,  "distance" : 2 },
{ "rule" : "up",  "time" : 1.215998e+00,  "distance" : 3 },
{ "rule" : "up",  "time" : 1.185575e+00,  "distance" : 2 },
{ "rule" : "up",  "time" : 1.132417e+00,  "distance" : 2 },
{ "rule" : "up",  "time" : 1.058114e+00,  "distance" : 2 },
{ "rule" : "up",  "time" : 1.052148e+00,  "distance" : 3 },
{ "rule" : "up",  "time" : 1.033032e+00,  "distance" : 3 },
{ "rule" : "up",  "time" : 9.658405e-01,  "distance" : 2 },
{ "rule" : "up",  "time" : 9.389532e-01,  "distance" : 2 },
{ "rule" : "up",  "time" : 9.310538e-01,  "distance" : 2 },
{ "rule" : "up",  "time" : 8.754589e-01,  "distance" : 2 },
{ "rule" : "up",  "time" : 8.518296e-01,  "distance" : 2 },
{ "rule" : "up",  "time" : 7.734364e-01,  "distance" : 2 },
{ "rule" : "up",  "time" : 6.605069e-01,  "distance" : 3 },
{ "rule" : "up",  "time" : 6.492723e-01,  "distance" : 2 },
{ "rule" : "up",  "time" : 6.342286e-01,  "distance" : 2 },
{ "rule" : "up",  "time" : 6.190635e-01,  "distance" : 2 },
{ "rule" : "up",  "time" : 5.942304e-01,  "distance" : 3 },
{ "rule" : "up",  "time" : 5.602610e-01,  "distance" : 2 },
{ "rule" : "up",  "time" : 5.411538e-01,  "distance" : 2 },
{ "rule" : "up",  "time" : 5.378320e-01,  "distance" : 3 },
{ "rule" : "up",  "time" : 5.202641e-01,  "distance" : 3 },
{ "rule" : "up",  "time" : 5.199045e-01,  "distance" : 2 },
{ "rule" : "up",  "time" : 4.833226e-01,  "distance" : 2 },
{ "rule" : "up",  "time" : 4.350663e-01,  "distance" : 2 },
{ "rule" : "up",  "time" : 4.222542e-01,  "distance" : 2 },
{ "rule" : "up",  "time" : 4.142339e-01,  "distance" : 2 },
{ "rule" : "up",  "time" : 3.950937e-01,  "distance" : 2 },
{ "rule" : "up",  "time" : 3.651736e-01,  "distance" : 2 },
{ "rule" : "up",  "time" : 3.383816e-01,  "distance" : 2 },
{ "rule" : "up",  "time" : 3.261663e-01,  "distance" : 3 },
{ "rule" : "up",  "time" : 3.117374e-01,  "distance" : 2 },
{ "rule" : "up",  "time" : 2.074681e-01,  "distance" : 2 },
{ "rule" : "up",  "time" : 1.858109e-01,  "distance" : 2 },
{ "rule" : "up",  "time" : 1.750211e-01,  "distance" : 2 },
{ "rule" : "up",  "time" : 1.498790e-01,  "distance" : 3 },
{ "rule" : "up",  "time" : 9.847576e-02,  "distance" : 2 },
{ "rule" : "up",  "time" : 6.945935e-02,  "distance" : 3 }]
