[{ "rule" : "up",  "time" : 1.312609e+00,  "distance" : 3 },
{ "rule" : "up",  "time" : 1.272773e+00,  "distance" : 3 },
{ "rule" : "up",  "time" : 1.247726e+00,  "distance" : 3 },
{ "rule" : "up",  "time" : 1.232954e+00,  "distance" : 3 },
{ "rule" : "up",  "time" : 1.224221e+00,  "distance" : 2 },
{ "rule" : "up",  "time" : 1.224186e+00,  "distance" : 3 },
{ "rule" : "up",  "time" : 1.186083e+00,  "distance" : 3 },
{ "rule" : "up",  "time" : 1.170183e+00,  "distance" : 2 },
{ "rule" : "up",  "time" : 1.164239e+00,  "distance" : 2 },
{ "rule" : "up",  "time" : 1.114178e+00,  "distance" : 3 },
{ "rule" : "up",  "time" : 1.081942e+00,  "distance" : 2 },
{ "rule" : "up",  "time" : 1.066276e+00,  "distance" : 2 },
{ "rule" : "up",  "time" : 1.035761e+00,  "distance" : 3 },
{ "rule" : "up",  "time" : 9.531992e-01,  "distance" : 2 },
{ "rule" : "up",  "time" : 9.197159e-01,  "distance" : 3 },
{ "rule" : "up",  "time" : 9.117197e-01,  "distance" : 3 },
{ "rule" : "up",  "time" : 8.930136e-01,  "distance" : 2 },
{ "rule" : "up",  "time" : 8.751587e-01,  "distance" : 2 },
{ "rule" : "up",  "time" : 8.003703e-01,  "distance" : 3 },
{ "rule" : "up",  "time" : 7.993083e-01,  "distance" : 2 },
{ "rule" : "up",  "time" : 7.539141e-01,  "distance" : 3 },
{ "rule" : "up",  "time" : 7.222080e-01,  "distance" : 3 },
{ "rule" : "up",  "time" : 6.892189e-01,  "distance" : 3 },
{ "rule" : "up",  "time" : 6.843137e-01,  "distance" : 2 },
{ "rule" : "up",  "time" : 6.835945e-01,  "distance" : 3 },
{ "rule" : "up",  "time" : 6.432826e-01,  "distance" : 3 },
{ "rule" : "up",  "time" : 6.331069e-01,  "distance" : 2 },
{ "rule" : "up",  "time" : 6.297598e-01,  "distance" : 2 },
{ "rule" : "up",  "time" : 6.247484e-01,  "distance" : 3 },
{ "rule" : "up",  "time" : 5.383976e-01,  "distance" : 3 },
{ "rule" : "up",  "time" : 5.337030e-01,  "distance" : 2 },
{ "rule" : "up",  "time" : 5.244789e-01,  "distance" : 2 },
{ "rule" : "up",  "time" : 4.957808e-01,  "distance" : 2 },
{ "rule" : "up",  "time" : 4.672207e-01,  "distance" : 2 },
{ "rule" : "up",  "time" : 4.671257e-01,  "distance" : 2 },
{ "rule" : "up",  "time" : 3.810244e-01,  "distance" : 3 },
{ "rule" : "up",  "time" : 3.506468e-01,  "distance" : 2 },
{ "rule" : "up",  "time" : 3.155736e-01,  "distance" : 2 },
{ "rule" : "up",  "time" : 3.083501e-01,  "distance" : 2 },
{ "rule" : "up",  "time" : 2.780915e-01,  "distance" : 2 },
{ "rule" : "up",  "time" : 2.534623e-01,  "distance" : 3 },
{ "rule" : "up",  "time" : 2.096855e-01,  "distance" : 2 },
{ "rule" : "up",  "time" : 1.424015e-01,  "distance" : 2 },
{ "rule" : "up",  "time" : 9.898355e-02,  "distance" : 2 }]
