[{ "rule" : "up",  "time" : 1.503510e+00,  "distance" : 2 },
{ "rule" : "up",  "time" : 1.498224e+00,  "distance" : 3 },
{ "rule" : "up",  "time" : 1.481756e+00,  "distance" : 2 },
{ "rule" : "up",  "time" : 1.429878e+00,  "distance" : 2 },
{ "rule" : "up",  "time" : 1.407489e+00,  "distance" : 2 },
{ "rule" : "up",  "time" : 1.359663e+00,  "distance" : 3 },
{ "rule" : "up",  "time" : 1.357230e+00,  "distance" : 2 },
{ "rule" : "up",  "time" : 1.355229e+00,  "distance" : 2 },
{ "rule" : "up",  "time" : 1.319066e+00,  "distance" : 3 },
{ "rule" : "up",  "time" : 1.313890e+00,  "distance" : 2 },
{ "rule" : "up",  "time" : 1.309060e+00,  "distance" : 3 },
{ "rule" : "up",  "time" : 1.297280e+00,  "distance" : 3 },
{ "rule" : "up",  "time" : 1.240939e+00,  "distance" : 2 },
{ "rule" : "up",  "time" : 1.210358e+00,  "distance" : 2 },
{ "rule" : "up",  "time" : 1.132565e+00,  "distance" : 3 },
{ "rule" : "up",  "time" : 9.987214e-01,  "distance" : 3 },
{ "rule" : "up",  "time" : 9.775017e-01,  "distance" : 2 },
{ "rule" : "up",  "time" : 9.697696e-01,  "distance" : 2 },
{ "rule" : "up",  "time" : 9.672022e-01,  "distance" : 3 },
{ "rule" : "up",  "time" : 8.707697e-01,  "distance" : 3 },
{ "rule" : "up",  "time" : 7.761865e-01,  "distance" : 3 },
{ "rule" : "up",  "time" : 7.735950e-01,  "distance" : 2 },
{ "rule" : "up",  "time" : 7.619051e-01,  "distance" : 2 },
{ "rule" : "up",  "time" : 7.142575e-01,  "distance" : 3 },
{ "rule" : "up",  "time" : 7.000090e-01,  "distance" : 2 },
{ "rule" : "up",  "time" : 6.968498e-01,  "distance" : 2 },
{ "rule" : "up",  "time" : 6.397184e-01,  "distance" : 3 },
{ "rule" : "up",  "time" : 6.167185e-01,  "distance" : 2 },
{ "rule" : "up",  "time" : 6.044133e-01,  "distance" : 2 },
{ "rule" : "up",  "time" : 6.009142e-01,  "distance" : 2 },
{ "rule" : "up",  "time" : 5.936601e-01,  "distance" : 2 },
{ "rule" : "up",  "time" : 5.916506e-01,  "distance" : 3 },
{ "rule" : "up",  "time" : 5.866618e-01,  "distance" : 3 },
{ "rule" : "up",  "time" : 5.744498e-01,  "distance" : 3 },
{ "rule" : "up",  "time" : 5.447318e-01,  "distance" : 2 },
{ "rule" : "up",  "time" : 5.406633e-01,  "distance" : 2 },
{ "rule" : "up",  "time" : 5.268795e-01,  "distance" : 3 },
{ "rule" : "up",  "time" : 5.151376e-01,  "distance" : 3 },
{ "rule" : "up",  "time" : 4.566503e-01,  "distance" : 3 },
{ "rule" : "up",  "time" : 3.426646e-01,  "distance" : 2 },
{ "rule" : "up",  "time" : 2.523233e-01,  "distance" : 3 },
{ "rule" : "up",  "time" : 2.521295e-01,  "distance" : 2 },
{ "rule" : "up",  "time" : 2.116573e-01,  "distance" : 3 },
{ "rule" : "up",  "time" : 1.996685e-01,  "distance" : 2 },
{ "rule" : "up",  "time" : 1.806679e-01,  "distance" : 2 },
{ "rule" : "up",  "time" : 1.022720e-01,  "distance" : 2 },
{ "rule" : "up",  "time" : 9.898355e-02,  "distance" : 2 }]
